// Jest Snapshot v1, https://goo.gl/fbAQLP

exports[`components <App /> renders correctly 1`] = `
<div>
  <h1>
    Weather
  </h1>
  <form
    onSubmit={[Function]}
  >
    <label>
      I want to now the weather for I want to know todays weather for
      <input
        onChange={[Function]}
        placeholder="City, Country"
        type="text"
        value={undefined}
      />
    </label>
  </form>
</div>
`;
